c:\users\user\desktop\laba7_2course\laba7_2course\x64\debug\vc143.pdb
c:\users\user\desktop\laba7_2course\laba7_2course\x64\debug\vc143.idb
c:\users\user\desktop\laba7_2course\laba7_2course\x64\debug\zooresidents.obj
c:\users\user\desktop\laba7_2course\laba7_2course\x64\debug\pretador.obj
c:\users\user\desktop\laba7_2course\laba7_2course\x64\debug\myexceptionsgeneral.obj
c:\users\user\desktop\laba7_2course\laba7_2course\x64\debug\myexceptioninput.obj
c:\users\user\desktop\laba7_2course\laba7_2course\x64\debug\myexceptionfile.obj
c:\users\user\desktop\laba7_2course\laba7_2course\x64\debug\myexceptioncontainer.obj
c:\users\user\desktop\laba7_2course\laba7_2course\x64\debug\myexception.obj
c:\users\user\desktop\laba7_2course\laba7_2course\x64\debug\mammal.obj
c:\users\user\desktop\laba7_2course\laba7_2course\x64\debug\main.obj
c:\users\user\desktop\laba7_2course\laba7_2course\x64\debug\herbivore.obj
c:\users\user\desktop\laba7_2course\laba7_2course\x64\debug\funforzoo.obj
c:\users\user\desktop\laba7_2course\laba7_2course\x64\debug\funforexception.obj
c:\users\user\desktop\laba7_2course\laba7_2course\x64\debug\fun.obj
c:\users\user\desktop\laba7_2course\laba7_2course\x64\debug\bird.obj
c:\users\user\desktop\laba7_2course\x64\debug\laba7_2course.exe
c:\users\user\desktop\laba7_2course\x64\debug\laba7_2course.pdb
c:\users\user\desktop\laba7_2course\laba7_2course\x64\debug\laba7_2course.ilk
c:\users\user\desktop\laba7_2course\laba7_2course\x64\debug\laba7_2course.tlog\cl.command.1.tlog
c:\users\user\desktop\laba7_2course\laba7_2course\x64\debug\laba7_2course.tlog\cl.items.tlog
c:\users\user\desktop\laba7_2course\laba7_2course\x64\debug\laba7_2course.tlog\cl.read.1.tlog
c:\users\user\desktop\laba7_2course\laba7_2course\x64\debug\laba7_2course.tlog\cl.write.1.tlog
c:\users\user\desktop\laba7_2course\laba7_2course\x64\debug\laba7_2course.tlog\link.command.1.tlog
c:\users\user\desktop\laba7_2course\laba7_2course\x64\debug\laba7_2course.tlog\link.read.1.tlog
c:\users\user\desktop\laba7_2course\laba7_2course\x64\debug\laba7_2course.tlog\link.secondary.1.tlog
c:\users\user\desktop\laba7_2course\laba7_2course\x64\debug\laba7_2course.tlog\link.write.1.tlog
